Copyright 1986-2022 Xilinx, Inc. All Rights Reserved. Copyright 2022-2025 Advanced Micro Devices, Inc. All Rights Reserved.
-------------------------------------------------------------------------------------------------------------------------------------------------
| Tool Version     : Vivado v.2025.2 (lin64) Build 6299465 Fri Nov 14 12:34:56 MST 2025
| Date             : Sat Aug 22 11:50:51 2026
| Host             : BEN-BLR-COM-298 running 64-bit Ubuntu 24.04 LTS
| Command          : report_power -file spectra_platform_power.rpt
| Design           : spectra_platform
| Device           : xc7a50tcsg325-2
| Design State     : routed
| Grade            : commercial
| Process          : typical
| Characterization : Production
-------------------------------------------------------------------------------------------------------------------------------------------------

Power Report

Table of Contents
-----------------
1. Summary
1.1 On-Chip Components
1.2 Power Supply Summary
1.3 Confidence Level
2. Settings
2.1 Environment
2.2 Clock Constraints
3. Detailed Reports
3.1 By Hierarchy

1. Summary
----------

+--------------------------+--------------+
| Total On-Chip Power (W)  | 1.265        |
| Design Power Budget (W)  | Unspecified* |
| Power Budget Margin (W)  | NA           |
| Dynamic (W)              | 1.180        |
| Device Static (W)        | 0.085        |
| Effective TJA (C/W)      | 4.8          |
| Max Ambient (C)          | 79.0         |
| Junction Temperature (C) | 31.0         |
| Confidence Level         | Low          |
| Setting File             | ---          |
| Simulation Activity File | ---          |
| Design Nets Matched      | NA           |
+--------------------------+--------------+
* Specify Design Power Budget using, set_operating_conditions -design_power_budget <value in Watts>


1.1 On-Chip Components
----------------------

+--------------------------+-----------+----------+-----------+-----------------+
| On-Chip                  | Power (W) | Used     | Available | Utilization (%) |
+--------------------------+-----------+----------+-----------+-----------------+
| Clocks                   |     0.048 |       16 |       --- |             --- |
| Slice Logic              |     0.018 |    14351 |       --- |             --- |
|   LUT as Logic           |     0.014 |     4819 |     32600 |           14.78 |
|   LUT as Distributed RAM |     0.002 |      934 |      9600 |            9.73 |
|   Register               |     0.001 |     6332 |     65200 |            9.71 |
|   CARRY4                 |    <0.001 |      255 |      8150 |            3.13 |
|   LUT as Shift Register  |    <0.001 |       17 |      9600 |            0.18 |
|   BUFG                   |    <0.001 |        1 |        32 |            3.13 |
|   F7/F8 Muxes            |    <0.001 |       14 |     32600 |            0.04 |
|   Others                 |     0.000 |      170 |       --- |             --- |
| Signals                  |     0.032 |    12415 |       --- |             --- |
| Block RAM                |     0.074 |       28 |        75 |           37.33 |
| MMCM                     |     0.141 |        1 |         5 |           20.00 |
| PLL                      |     0.106 |        1 |         5 |           20.00 |
| I/O                      |     0.368 |       69 |       150 |           46.00 |
| GTP                      |     0.343 |        2 |       --- |             --- |
| XADC                     |     0.002 |        1 |       --- |             --- |
| Hard IPs                 |     0.048 |        1 |       --- |             --- |
|   PCIE                   |     0.048 |        1 |         1 |          100.00 |
| Static Power             |     0.085 |          |           |                 |
| Total                    |     1.265 |          |           |                 |
+--------------------------+-----------+----------+-----------+-----------------+


1.2 Power Supply Summary
------------------------

+-----------+-------------+-----------+-------------+------------+-------------+-------------+------------+
| Source    | Voltage (V) | Total (A) | Dynamic (A) | Static (A) | Powerup (A) | Budget (A)  | Margin (A) |
+-----------+-------------+-----------+-------------+------------+-------------+-------------+------------+
| Vccint    |       1.000 |     0.289 |       0.277 |      0.013 |       NA    | Unspecified | NA         |
| Vccaux    |       1.800 |     0.157 |       0.145 |      0.013 |       NA    | Unspecified | NA         |
| Vcco33    |       3.300 |     0.001 |       0.000 |      0.001 |       NA    | Unspecified | NA         |
| Vcco25    |       2.500 |     0.135 |       0.134 |      0.001 |       NA    | Unspecified | NA         |
| Vcco18    |       1.800 |     0.002 |       0.001 |      0.001 |       NA    | Unspecified | NA         |
| Vcco15    |       1.500 |     0.000 |       0.000 |      0.000 |       NA    | Unspecified | NA         |
| Vcco135   |       1.350 |     0.000 |       0.000 |      0.000 |       NA    | Unspecified | NA         |
| Vcco12    |       1.200 |     0.000 |       0.000 |      0.000 |       NA    | Unspecified | NA         |
| Vccaux_io |       1.800 |     0.000 |       0.000 |      0.000 |       NA    | Unspecified | NA         |
| Vccbram   |       1.000 |     0.005 |       0.004 |      0.001 |       NA    | Unspecified | NA         |
| MGTAVcc   |       1.000 |     0.155 |       0.153 |      0.002 |       NA    | Unspecified | NA         |
| MGTAVtt   |       1.200 |     0.125 |       0.123 |      0.003 |       NA    | Unspecified | NA         |
| Vccadc    |       1.800 |     0.021 |       0.001 |      0.020 |       NA    | Unspecified | NA         |
+-----------+-------------+-----------+-------------+------------+-------------+-------------+------------+


1.3 Confidence Level
--------------------

+-----------------------------+------------+--------------------------------------------------------+------------------------------------------------------------------------------------------------------------+
| User Input Data             | Confidence | Details                                                | Action                                                                                                     |
+-----------------------------+------------+--------------------------------------------------------+------------------------------------------------------------------------------------------------------------+
| Design implementation state | High       | Design is routed                                       |                                                                                                            |
| Clock nodes activity        | High       | User specified more than 95% of clocks                 |                                                                                                            |
| I/O nodes activity          | Low        | More than 75% of inputs are missing user specification | Provide missing input activity with simulation results or by editing the "By Resource Type -> I/Os" view   |
| Internal nodes activity     | Medium     | User specified less than 25% of internal nodes         | Provide missing internal nodes activity with simulation results or by editing the "By Resource Type" views |
| Device models               | High       | Device models are Production                           |                                                                                                            |
|                             |            |                                                        |                                                                                                            |
| Overall confidence level    | Low        |                                                        |                                                                                                            |
+-----------------------------+------------+--------------------------------------------------------+------------------------------------------------------------------------------------------------------------+


2. Settings
-----------

2.1 Environment
---------------

+-----------------------+--------------------------+
| Ambient Temp (C)      | 25.0                     |
| ThetaJA (C/W)         | 4.8                      |
| Airflow (LFM)         | 250                      |
| Heat Sink             | medium (Medium Profile)  |
| ThetaSA (C/W)         | 4.6                      |
| Board Selection       | medium (10"x10")         |
| # of Board Layers     | 12to15 (12 to 15 Layers) |
| Board Temperature (C) | 25.0                     |
+-----------------------+--------------------------+


2.2 Clock Constraints
---------------------

+---------------------------+---------------------------------------------------------------------------------------+-----------------+
| Clock                     | Domain                                                                                | Constraint (ns) |
+---------------------------+---------------------------------------------------------------------------------------+-----------------+
| ad9364_rfic_rx_clk_p      | ad9364_rfic_rx_clk_p                                                                  |             4.1 |
| builder_crg_pll_fb        | builder_crg_pll_fb                                                                    |            25.0 |
| builder_s7pciephy_mmcm_fb | builder_s7pciephy_mmcm_fb                                                             |            10.0 |
| clk40                     | clk40                                                                                 |            25.0 |
| dna_clk                   | dna_clk                                                                               |            16.0 |
| icap_clk                  | icap_clk                                                                              |           128.0 |
| main_crg_clkout0          | main_crg_clkout0                                                                      |             8.0 |
| main_s7pciephy_clkout0    | main_s7pciephy_clkout0                                                                |             8.0 |
| main_s7pciephy_clkout1    | main_s7pciephy_clkout1                                                                |             4.0 |
| main_s7pciephy_clkout2    | main_s7pciephy_clkout2                                                                |             8.0 |
| main_s7pciephy_clkout3    | main_s7pciephy_clkout3                                                                |             8.0 |
| pcie_x2_clk_p             | pcie_x2_clk_p                                                                         |            10.0 |
| txoutclk_x0y0             | pcie_s7/inst/inst/gt_top_i/pipe_wrapper_i/pipe_lane[0].gt_wrapper_i/pipe_txoutclk_out |            10.0 |
| ulpi0_clk                 | ulpi0_clk                                                                             |            16.7 |
+---------------------------+---------------------------------------------------------------------------------------+-----------------+


3. Detailed Reports
-------------------

3.1 By Hierarchy
----------------

+--------------------------------------------+-----------+
| Name                                       | Power (W) |
+--------------------------------------------+-----------+
| spectra_platform                           |     1.180 |
|   pcie_s7                                  |     0.435 |
|     inst                                   |     0.435 |
|       inst                                 |     0.435 |
|   usb_iq_device                            |     0.011 |
|     usb                                    |     0.010 |
|       USBControlEndpoint                   |     0.002 |
|       USBMultibyteStreamInEndpoint         |     0.003 |
|       USBStreamOutEndpoint                 |     0.001 |
|       USBStreamOutEndpoint_124707411861552 |     0.001 |
+--------------------------------------------+-----------+


