Copyright 1986-2022 Xilinx, Inc. All Rights Reserved. Copyright 2022-2025 Advanced Micro Devices, Inc. All Rights Reserved.
---------------------------------------------------------------------------------------------------------------------------------------------
| Tool Version : Vivado v.2025.2 (lin64) Build 6299465 Fri Nov 14 12:34:56 MST 2025
| Date         : Sat Aug 22 11:50:44 2026
| Host         : BEN-BLR-COM-298 running 64-bit Ubuntu 24.04 LTS
| Command      : report_drc -file spectra_platform_drc.rpt
| Design       : spectra_platform
| Device       : xc7a50tcsg325-2
| Speed File   : -2
| Design State : Fully Routed
---------------------------------------------------------------------------------------------------------------------------------------------

Report DRC

Table of Contents
-----------------
1. REPORT SUMMARY
2. REPORT DETAILS

1. REPORT SUMMARY
-----------------
            Netlist: spectra_platform
          Floorplan: design_1
      Design limits: <entire design considered>
           Ruledeck: default
             Max checks: <unlimited>
             Checks found: 3
+-----------+----------+-----------------------------------------------------+--------+
| Rule      | Severity | Description                                         | Checks |
+-----------+----------+-----------------------------------------------------+--------+
| CFGBVS-1  | Warning  | Missing CFGBVS and CONFIG_VOLTAGE Design Properties | 1      |
| REQP-1839 | Warning  | RAMB36 async control check                          | 1      |
| RTSTAT-10 | Warning  | No routable loads                                   | 1      |
+-----------+----------+-----------------------------------------------------+--------+

2. REPORT DETAILS
-----------------
CFGBVS-1#1 Warning
Missing CFGBVS and CONFIG_VOLTAGE Design Properties  
Neither the CFGBVS nor CONFIG_VOLTAGE voltage property is set in the current_design.  Configuration bank voltage select (CFGBVS) must be set to VCCO or GND, and CONFIG_VOLTAGE must be set to the correct configuration voltage, in order to determine the I/O voltage support for the pins in bank 0.  It is suggested to specify these either using the 'Edit Device Properties' function in the GUI or directly in the XDC file using the following syntax:

 set_property CFGBVS value1 [current_design]
 #where value1 is either VCCO or GND

 set_property CONFIG_VOLTAGE value2 [current_design]
 #where value2 is the voltage provided to configuration bank 0

Refer to the device configuration user guide for more information.
Related violations: <none>

REQP-1839#1 Warning
RAMB36 async control check  
The RAMB36E1 storage_3_reg_0 has an input control pin storage_3_reg_0/RSTREGARSTREG (net: sys_rst) which is driven by a register (FDPE_1) that has an active asychronous set or reset. This may cause corruption of the memory contents and/or read values when the set/reset is asserted and is not analyzed by the default static timing analysis. It is suggested to eliminate the use of a set/reset to registers driving this RAMB pin or else use a synchronous reset in which the assertion of the reset is timed by default.
Related violations: <none>

RTSTAT-10#1 Warning
No routable loads  
26 net(s) have no routable loads. The problem bus(es) and/or net(s) are builder_xilinxmultiregimpl341[0], builder_xilinxmultiregimpl341[10],
builder_xilinxmultiregimpl341[11], builder_xilinxmultiregimpl341[12],
builder_xilinxmultiregimpl341[13], builder_xilinxmultiregimpl341[14],
builder_xilinxmultiregimpl341[15], builder_xilinxmultiregimpl341[1],
builder_xilinxmultiregimpl341[3], builder_xilinxmultiregimpl341[4],
builder_xilinxmultiregimpl341[5], builder_xilinxmultiregimpl341[6],
builder_xilinxmultiregimpl341[7], builder_xilinxmultiregimpl341[8],
builder_xilinxmultiregimpl341[9] (the first 15 of 26 listed nets/buses).
Related violations: <none>


